Archive member included to satisfy reference by file (symbol)

c:/st/stm32cubeide_1.9.0/stm32cubeide/plugins/com.st.stm32cube.ide.mcu.externaltools.gnu-tools-for-stm32.10.3-2021.10.win32_1.0.0.202111181127/tools/bin/../lib/gcc/arm-none-eabi/10.3.1/../../../../arm-none-eabi/lib/thumb/v7-m/nofp\libc_nano.a(lib_a-errno.o)
                              ./Core/Src/syscalls.o (__errno)
c:/st/stm32cubeide_1.9.0/stm32cubeide/plugins/com.st.stm32cube.ide.mcu.externaltools.gnu-tools-for-stm32.10.3-2021.10.win32_1.0.0.202111181127/tools/bin/../lib/gcc/arm-none-eabi/10.3.1/../../../../arm-none-eabi/lib/thumb/v7-m/nofp\libc_nano.a(lib_a-exit.o)
                              c:/st/stm32cubeide_1.9.0/stm32cubeide/plugins/com.st.stm32cube.ide.mcu.externaltools.gnu-tools-for-stm32.10.3-2021.10.win32_1.0.0.202111181127/tools/bin/../lib/gcc/arm-none-eabi/10.3.1/../../../../arm-none-eabi/lib/thumb/v7-m/nofp/crt0.o (exit)
c:/st/stm32cubeide_1.9.0/stm32cubeide/plugins/com.st.stm32cube.ide.mcu.externaltools.gnu-tools-for-stm32.10.3-2021.10.win32_1.0.0.202111181127/tools/bin/../lib/gcc/arm-none-eabi/10.3.1/../../../../arm-none-eabi/lib/thumb/v7-m/nofp\libc_nano.a(lib_a-impure.o)
                              c:/st/stm32cubeide_1.9.0/stm32cubeide/plugins/com.st.stm32cube.ide.mcu.externaltools.gnu-tools-for-stm32.10.3-2021.10.win32_1.0.0.202111181127/tools/bin/../lib/gcc/arm-none-eabi/10.3.1/../../../../arm-none-eabi/lib/thumb/v7-m/nofp\libc_nano.a(lib_a-exit.o) (_global_impure_ptr)
c:/st/stm32cubeide_1.9.0/stm32cubeide/plugins/com.st.stm32cube.ide.mcu.externaltools.gnu-tools-for-stm32.10.3-2021.10.win32_1.0.0.202111181127/tools/bin/../lib/gcc/arm-none-eabi/10.3.1/../../../../arm-none-eabi/lib/thumb/v7-m/nofp\libc_nano.a(lib_a-init.o)
                              c:/st/stm32cubeide_1.9.0/stm32cubeide/plugins/com.st.stm32cube.ide.mcu.externaltools.gnu-tools-for-stm32.10.3-2021.10.win32_1.0.0.202111181127/tools/bin/../lib/gcc/arm-none-eabi/10.3.1/../../../../arm-none-eabi/lib/thumb/v7-m/nofp/crt0.o (__libc_init_array)
c:/st/stm32cubeide_1.9.0/stm32cubeide/plugins/com.st.stm32cube.ide.mcu.externaltools.gnu-tools-for-stm32.10.3-2021.10.win32_1.0.0.202111181127/tools/bin/../lib/gcc/arm-none-eabi/10.3.1/../../../../arm-none-eabi/lib/thumb/v7-m/nofp\libc_nano.a(lib_a-memset.o)
                              c:/st/stm32cubeide_1.9.0/stm32cubeide/plugins/com.st.stm32cube.ide.mcu.externaltools.gnu-tools-for-stm32.10.3-2021.10.win32_1.0.0.202111181127/tools/bin/../lib/gcc/arm-none-eabi/10.3.1/../../../../arm-none-eabi/lib/thumb/v7-m/nofp/crt0.o (memset)
c:/st/stm32cubeide_1.9.0/stm32cubeide/plugins/com.st.stm32cube.ide.mcu.externaltools.gnu-tools-for-stm32.10.3-2021.10.win32_1.0.0.202111181127/tools/bin/../lib/gcc/arm-none-eabi/10.3.1/thumb/v7-m/nofp\libgcc.a(_arm_addsubsf3.o)
                              ./Core/Src/fun_dsp.o (__aeabi_ui2f)
c:/st/stm32cubeide_1.9.0/stm32cubeide/plugins/com.st.stm32cube.ide.mcu.externaltools.gnu-tools-for-stm32.10.3-2021.10.win32_1.0.0.202111181127/tools/bin/../lib/gcc/arm-none-eabi/10.3.1/thumb/v7-m/nofp\libgcc.a(_arm_muldivsf3.o)
                              ./Core/Src/fun_dsp.o (__aeabi_fdiv)
c:/st/stm32cubeide_1.9.0/stm32cubeide/plugins/com.st.stm32cube.ide.mcu.externaltools.gnu-tools-for-stm32.10.3-2021.10.win32_1.0.0.202111181127/tools/bin/../lib/gcc/arm-none-eabi/10.3.1/thumb/v7-m/nofp\libgcc.a(_arm_fixunssfsi.o)
                              ./Core/Src/fun_dsp.o (__aeabi_f2uiz)
c:/st/stm32cubeide_1.9.0/stm32cubeide/plugins/com.st.stm32cube.ide.mcu.externaltools.gnu-tools-for-stm32.10.3-2021.10.win32_1.0.0.202111181127/tools/bin/../lib/gcc/arm-none-eabi/10.3.1/thumb/v7-m/nofp\libgcc.a(_popcountdi2.o)
                              ./Core/Src/fun_dsp.o (__popcountdi2)

Discarded input sections

 .text          0x0000000000000000        0x0 c:/st/stm32cubeide_1.9.0/stm32cubeide/plugins/com.st.stm32cube.ide.mcu.externaltools.gnu-tools-for-stm32.10.3-2021.10.win32_1.0.0.202111181127/tools/bin/../lib/gcc/arm-none-eabi/10.3.1/thumb/v7-m/nofp/crti.o
 .data          0x0000000000000000        0x0 c:/st/stm32cubeide_1.9.0/stm32cubeide/plugins/com.st.stm32cube.ide.mcu.externaltools.gnu-tools-for-stm32.10.3-2021.10.win32_1.0.0.202111181127/tools/bin/../lib/gcc/arm-none-eabi/10.3.1/thumb/v7-m/nofp/crti.o
 .bss           0x0000000000000000        0x0 c:/st/stm32cubeide_1.9.0/stm32cubeide/plugins/com.st.stm32cube.ide.mcu.externaltools.gnu-tools-for-stm32.10.3-2021.10.win32_1.0.0.202111181127/tools/bin/../lib/gcc/arm-none-eabi/10.3.1/thumb/v7-m/nofp/crti.o
 .data          0x0000000000000000        0x4 c:/st/stm32cubeide_1.9.0/stm32cubeide/plugins/com.st.stm32cube.ide.mcu.externaltools.gnu-tools-for-stm32.10.3-2021.10.win32_1.0.0.202111181127/tools/bin/../lib/gcc/arm-none-eabi/10.3.1/thumb/v7-m/nofp/crtbegin.o
[...]
Memory Configuration

Name             Origin             Length             Attributes
RAM              0x0000000020000000 0x0000000000005000 xrw
FLASH            0x0000000008000000 0x0000000000010000 xr
*default*        0x0000000000000000 0xffffffffffffffff

Linker script and memory map

LOAD c:/st/stm32cubeide_1.9.0/stm32cubeide/plugins/com.st.stm32cube.ide.mcu.externaltools.gnu-tools-for-stm32.10.3-2021.10.win32_1.0.0.202111181127/tools/bin/../lib/gcc/arm-none-eabi/10.3.1/thumb/v7-m/nofp/crti.o
LOAD c:/st/stm32cubeide_1.9.0/stm32cubeide/plugins/com.st.stm32cube.ide.mcu.externaltools.gnu-tools-for-stm32.10.3-2021.10.win32_1.0.0.202111181127/tools/bin/../lib/gcc/arm-none-eabi/10.3.1/thumb/v7-m/nofp/crtbegin.o
LOAD c:/st/stm32cubeide_1.9.0/stm32cubeide/plugins/com.st.stm32cube.ide.mcu.externaltools.gnu-tools-for-stm32.10.3-2021.10.win32_1.0.0.202111181127/tools/bin/../lib/gcc/arm-none-eabi/10.3.1/../../../../arm-none-eabi/lib/thumb/v7-m/nofp/crt0.o
LOAD ./Core/Src/bacf.o
LOAD ./Core/Src/fun_dsp.o
LOAD ./Core/Src/functions.o
LOAD ./Core/Src/main.o
LOAD ./Core/Src/stm32f1xx_hal_msp.o
LOAD ./Core/Src/stm32f1xx_it.o
LOAD ./Core/Src/syscalls.o
LOAD ./Core/Src/sysmem.o
LOAD ./Core/Src/system_stm32f1xx.o
LOAD ./Core/Startup/startup_stm32f103c8tx.o
LOAD ./Drivers/STM32F1xx_HAL_Driver/Src/stm32f1xx_hal.o
LOAD ./Drivers/STM32F1xx_HAL_Driver/Src/stm32f1xx_hal_adc.o
LOAD ./Drivers/STM32F1xx_HAL_Driver/Src/stm32f1xx_hal_adc_ex.o
LOAD ./Drivers/STM32F1xx_HAL_Driver/Src/stm32f1xx_hal_cortex.o
LOAD ./Drivers/STM32F1xx_HAL_Driver/Src/stm32f1xx_hal_dma.o
LOAD ./Drivers/STM32F1xx_HAL_Driver/Src/stm32f1xx_hal_exti.o
LOAD ./Drivers/STM32F1xx_HAL_Driver/Src/stm32f1xx_hal_flash.o
LOAD ./Drivers/STM32F1xx_HAL_Driver/Src/stm32f1xx_hal_flash_ex.o
LOAD ./Drivers/STM32F1xx_HAL_Driver/Src/stm32f1xx_hal_gpio.o
LOAD ./Drivers/STM32F1xx_HAL_Driver/Src/stm32f1xx_hal_gpio_ex.o
LOAD ./Drivers/STM32F1xx_HAL_Driver/Src/stm32f1xx_hal_pwr.o
LOAD ./Drivers/STM32F1xx_HAL_Driver/Src/stm32f1xx_hal_rcc.o
LOAD ./Drivers/STM32F1xx_HAL_Driver/Src/stm32f1xx_hal_rcc_ex.o
LOAD ./Drivers/STM32F1xx_HAL_Driver/Src/stm32f1xx_hal_tim.o
LOAD ./Drivers/STM32F1xx_HAL_Driver/Src/stm32f1xx_hal_tim_ex.o
START GROUP
LOAD c:/st/stm32cubeide_1.9.0/stm32cubeide/plugins/com.st.stm32cube.ide.mcu.externaltools.gnu-tools-for-stm32.10.3-2021.10.win32_1.0.0.202111181127/tools/bin/../lib/gcc/arm-none-eabi/10.3.1/../../../../arm-none-eabi/lib/thumb/v7-m/nofp\libc_nano.a
LOAD c:/st/stm32cubeide_1.9.0/stm32cubeide/plugins/com.st.stm32cube.ide.mcu.externaltools.gnu-tools-for-stm32.10.3-2021.10.win32_1.0.0.202111181127/tools/bin/../lib/gcc/arm-none-eabi/10.3.1/../../../../arm-none-eabi/lib/thumb/v7-m/nofp\libm.a
END GROUP
START GROUP
LOAD c:/st/stm32cubeide_1.9.0/stm32cubeide/plugins/com.st.stm32cube.ide.mcu.externaltools.gnu-tools-for-stm32.10.3-2021.10.win32_1.0.0.202111181127/tools/bin/../lib/gcc/arm-none-eabi/10.3.1/thumb/v7-m/nofp\libgcc.a
LOAD c:/st/stm32cubeide_1.9.0/stm32cubeide/plugins/com.st.stm32cube.ide.mcu.externaltools.gnu-tools-for-stm32.10.3-2021.10.win32_1.0.0.202111181127/tools/bin/../lib/gcc/arm-none-eabi/10.3.1/../../../../arm-none-eabi/lib/thumb/v7-m/nofp\libc_nano.a
END GROUP
START GROUP
LOAD c:/st/stm32cubeide_1.9.0/stm32cubeide/plugins/com.st.stm32cube.ide.mcu.externaltools.gnu-tools-for-stm32.10.3-2021.10.win32_1.0.0.202111181127/tools/bin/../lib/gcc/arm-none-eabi/10.3.1/thumb/v7-m/nofp\libgcc.a
LOAD c:/st/stm32cubeide_1.9.0/stm32cubeide/plugins/com.st.stm32cube.ide.mcu.externaltools.gnu-tools-for-stm32.10.3-2021.10.win32_1.0.0.202111181127/tools/bin/../lib/gcc/arm-none-eabi/10.3.1/../../../../arm-none-eabi/lib/thumb/v7-m/nofp\libc_nano.a
LOAD c:/st/stm32cubeide_1.9.0/stm32cubeide/plugins/com.st.stm32cube.ide.mcu.externaltools.gnu-tools-for-stm32.10.3-2021.10.win32_1.0.0.202111181127/tools/bin/../lib/gcc/arm-none-eabi/10.3.1/../../../../arm-none-eabi/lib/thumb/v7-m/nofp\libnosys.a
END GROUP
START GROUP
LOAD c:/st/stm32cubeide_1.9.0/stm32cubeide/plugins/com.st.stm32cube.ide.mcu.externaltools.gnu-tools-for-stm32.10.3-2021.10.win32_1.0.0.202111181127/tools/bin/../lib/gcc/arm-none-eabi/10.3.1/thumb/v7-m/nofp\libgcc.a
LOAD c:/st/stm32cubeide_1.9.0/stm32cubeide/plugins/com.st.stm32cube.ide.mcu.externaltools.gnu-tools-for-stm32.10.3-2021.10.win32_1.0.0.202111181127/tools/bin/../lib/gcc/arm-none-eabi/10.3.1/../../../../arm-none-eabi/lib/thumb/v7-m/nofp\libc_nano.a
LOAD c:/st/stm32cubeide_1.9.0/stm32cubeide/plugins/com.st.stm32cube.ide.mcu.externaltools.gnu-tools-for-stm32.10.3-2021.10.win32_1.0.0.202111181127/tools/bin/../lib/gcc/arm-none-eabi/10.3.1/../../../../arm-none-eabi/lib/thumb/v7-m/nofp\libnosys.a
END GROUP
LOAD c:/st/stm32cubeide_1.9.0/stm32cubeide/plugins/com.st.stm32cube.ide.mcu.externaltools.gnu-tools-for-stm32.10.3-2021.10.win32_1.0.0.202111181127/tools/bin/../lib/gcc/arm-none-eabi/10.3.1/thumb/v7-m/nofp/crtend.o
LOAD c:/st/stm32cubeide_1.9.0/stm32cubeide/plugins/com.st.stm32cube.ide.mcu.externaltools.gnu-tools-for-stm32.10.3-2021.10.win32_1.0.0.202111181127/tools/bin/../lib/gcc/arm-none-eabi/10.3.1/thumb/v7-m/nofp/crtn.o
                0x0000000020005000                _estack = (ORIGIN (RAM) + LENGTH (RAM))
                0x0000000000000200                _Min_Heap_Size = 0x200
                0x0000000000000400                _Min_Stack_Size = 0x400

.isr_vector     0x0000000008000000      0x10c
                0x0000000008000000                . = ALIGN (0x4)
 *(.isr_vector)
 .isr_vector    0x0000000008000000      0x10c ./Core/Startup/startup_stm32f103c8tx.o
                0x0000000008000000                g_pfnVectors
                0x000000000800010c                . = ALIGN (0x4)

.text           0x000000000800010c     0x376c
                0x000000000800010c                . = ALIGN (0x4)
 *(.text)
 .text          0x000000000800010c       0x40 c:/st/stm32cubeide_1.9.0/stm32cubeide/plugins/com.st.stm32cube.ide.mcu.externaltools.gnu-tools-for-stm32.10.3-2021.10.win32_1.0.0.202111181127/tools/bin/../lib/gcc/arm-none-eabi/10.3.1/thumb/v7-m/nofp/crtbegin.o
 .text          0x000000000800014c      0x21c c:/st/stm32cubeide_1.9.0/stm32cubeide/plugins/com.st.stm32cube.ide.mcu.externaltools.gnu-tools-for-stm32.10.3-2021.10.win32_1.0.0.202111181127/tools/bin/../lib/gcc/arm-none-eabi/10.3.1/thumb/v7-m/nofp\libgcc.a(_arm_addsubsf3.o)
                0x000000000800014c                __aeabi_frsub
                0x0000000008000154                __subsf3
                0x0000000008000154                __aeabi_fsub
                0x0000000008000158                __aeabi_fadd
                0x0000000008000158                __addsf3
                0x00000000080002b8                __aeabi_ui2f
                0x00000000080002b8                __floatunsisf
                0x00000000080002c0                __aeabi_i2f
                0x00000000080002c0                __floatsisf
                0x00000000080002dc                __aeabi_ul2f
                0x00000000080002dc                __floatundisf
                0x00000000080002ec                __aeabi_l2f
                0x00000000080002ec                __floatdisf
 .text          0x0000000008000368      0x2a0 c:/st/stm32cubeide_1.9.0/stm32cubeide/plugins/com.st.stm32cube.ide.mcu.externaltools.gnu-tools-for-stm32.10.3-2021.10.win32_1.0.0.202111181127/tools/bin/../lib/gcc/arm-none-eabi/10.3.1/thumb/v7-m/nofp\libgcc.a(_arm_muldivsf3.o)
                0x0000000008000368                __mulsf3
                0x0000000008000368                __aeabi_fmul
                0x00000000080004d0                __aeabi_fdiv
                0x00000000080004d0                __divsf3
 .text          0x0000000008000608       0x40 c:/st/stm32cubeide_1.9.0/stm32cubeide/plugins/com.st.stm32cube.ide.mcu.externaltools.gnu-tools-for-stm32.10.3-2021.10.win32_1.0.0.202111181127/tools/bin/../lib/gcc/arm-none-eabi/10.3.1/thumb/v7-m/nofp\libgcc.a(_arm_fixunssfsi.o)
                0x0000000008000608                __fixunssfsi
                0x0000000008000608                __aeabi_f2uiz
 *(.text*)
 .text.count_bits
                0x0000000008000648       0x36 ./Core/Src/bacf.o
                0x0000000008000648                count_bits
 .text.BACF_Compute_1
                0x000000000800067e       0xf0 ./Core/Src/bacf.o
                0x000000000800067e                BACF_Compute_1
 *fill*         0x000000000800076e        0x2 
 .text.freq_detect
                0x0000000008000770      0x164 ./Core/Src/fun_dsp.o
                0x0000000008000770                freq_detect
 .text.zero_cross_hyst
                0x00000000080008d4       0xa8 ./Core/Src/functions.o
                0x00000000080008d4                zero_cross_hyst
 .text.HAL_ADC_ConvCpltCallback
                0x000000000800097c       0x24 ./Core/Src/main.o
                0x000000000800097c                HAL_ADC_ConvCpltCallback
 .text.main     0x00000000080009a0       0x9c ./Core/Src/main.o
                0x00000000080009a0                main
 .text.SystemClock_Config
                0x0000000008000a3c       0xb6 ./Core/Src/main.o
                0x0000000008000a3c                SystemClock_Config
 *fill*         0x0000000008000af2        0x2 
 .text.MX_ADC1_Init
                0x0000000008000af4       0x7c ./Core/Src/main.o
 .text.MX_TIM3_Init
                0x0000000008000b70       0xe8 ./Core/Src/main.o
 .text.MX_DMA_Init
                0x0000000008000c58       0x3c ./Core/Src/main.o
 .text.MX_GPIO_Init
                0x0000000008000c94       0x44 ./Core/Src/main.o
 .text.Error_Handler
                0x0000000008000cd8        0xa ./Core/Src/main.o
                0x0000000008000cd8                Error_Handler
 *fill*         0x0000000008000ce2        0x2 
 .text.HAL_MspInit
                0x0000000008000ce4       0x64 ./Core/Src/stm32f1xx_hal_msp.o
                0x0000000008000ce4                HAL_MspInit
 .text.HAL_ADC_MspInit
                0x0000000008000d48       0xe0 ./Core/Src/stm32f1xx_hal_msp.o
                0x0000000008000d48                HAL_ADC_MspInit
 .text.HAL_TIM_Base_MspInit
                0x0000000008000e28       0x3c ./Core/Src/stm32f1xx_hal_msp.o
                0x0000000008000e28                HAL_TIM_Base_MspInit
 .text.NMI_Handler
                0x0000000008000e64        0x6 ./Core/Src/stm32f1xx_it.o
                0x0000000008000e64                NMI_Handler
 .text.HardFault_Handler
                0x0000000008000e6a        0x6 ./Core/Src/stm32f1xx_it.o
                0x0000000008000e6a                HardFault_Handler
 .text.MemManage_Handler
                0x0000000008000e70        0x6 ./Core/Src/stm32f1xx_it.o
                0x0000000008000e70                MemManage_Handler
 .text.BusFault_Handler
                0x0000000008000e76        0x6 ./Core/Src/stm32f1xx_it.o
                0x0000000008000e76                BusFault_Handler
 .text.UsageFault_Handler
                0x0000000008000e7c        0x6 ./Core/Src/stm32f1xx_it.o
                0x0000000008000e7c                UsageFault_Handler
 .text.SVC_Handler
                0x0000000008000e82        0xc ./Core/Src/stm32f1xx_it.o
                0x0000000008000e82                SVC_Handler
 .text.DebugMon_Handler
                0x0000000008000e8e        0xc ./Core/Src/stm32f1xx_it.o
                0x0000000008000e8e                DebugMon_Handler
 .text.PendSV_Handler
                0x0000000008000e9a        0xc ./Core/Src/stm32f1xx_it.o
                0x0000000008000e9a                PendSV_Handler
 .text.SysTick_Handler
                0x0000000008000ea6        0xc ./Core/Src/stm32f1xx_it.o
                0x0000000008000ea6                SysTick_Handler
 *fill*         0x0000000008000eb2        0x2 
 .text.DMA1_Channel1_IRQHandler
                0x0000000008000eb4       0x14 ./Core/Src/stm32f1xx_it.o
                0x0000000008000eb4                DMA1_Channel1_IRQHandler
 .text.ADC1_2_IRQHandler
                0x0000000008000ec8       0x14 ./Core/Src/stm32f1xx_it.o
                0x0000000008000ec8                ADC1_2_IRQHandler
 .text.SystemInit
                0x0000000008000edc        0xc ./Core/Src/system_stm32f1xx.o
                0x0000000008000edc                SystemInit
 .text.Reset_Handler
                0x0000000008000ee8       0x48 ./Core/Startup/startup_stm32f103c8tx.o
                0x0000000008000ee8                Reset_Handler
 .text.Default_Handler
                0x0000000008000f30        0x2 ./Core/Startup/startup_stm32f103c8tx.o
                0x0000000008000f30                RTC_Alarm_IRQHandler
                0x0000000008000f30                EXTI2_IRQHandler
                0x0000000008000f30                TIM1_CC_IRQHandler
                0x0000000008000f30                PVD_IRQHandler
                0x0000000008000f30                EXTI3_IRQHandler
                0x0000000008000f30                EXTI0_IRQHandler
                0x0000000008000f30                I2C2_EV_IRQHandler
                0x0000000008000f30                SPI1_IRQHandler
                0x0000000008000f30                TAMPER_IRQHandler
                0x0000000008000f30                DMA1_Channel4_IRQHandler
                0x0000000008000f30                USART3_IRQHandler
                0x0000000008000f30                RTC_IRQHandler
                0x0000000008000f30                DMA1_Channel7_IRQHandler
                0x0000000008000f30                CAN1_RX1_IRQHandler
                0x0000000008000f30                TIM4_IRQHandler
                0x0000000008000f30                I2C1_EV_IRQHandler
                0x0000000008000f30                DMA1_Channel6_IRQHandler
                0x0000000008000f30                TIM3_IRQHandler
                0x0000000008000f30                RCC_IRQHandler
                0x0000000008000f30                TIM1_TRG_COM_IRQHandler
                0x0000000008000f30                Default_Handler
                0x0000000008000f30                EXTI15_10_IRQHandler
                0x0000000008000f30                EXTI9_5_IRQHandler
                0x0000000008000f30                SPI2_IRQHandler
                0x0000000008000f30                DMA1_Channel5_IRQHandler
                0x0000000008000f30                EXTI4_IRQHandler
                0x0000000008000f30                USB_LP_CAN1_RX0_IRQHandler
                0x0000000008000f30                USB_HP_CAN1_TX_IRQHandler
                0x0000000008000f30                DMA1_Channel3_IRQHandler
                0x0000000008000f30                TIM1_UP_IRQHandler
                0x0000000008000f30                WWDG_IRQHandler
                0x0000000008000f30                TIM2_IRQHandler
                0x0000000008000f30                TIM1_BRK_IRQHandler
                0x0000000008000f30                EXTI1_IRQHandler
                0x0000000008000f30                USART2_IRQHandler
                0x0000000008000f30                I2C2_ER_IRQHandler
                0x0000000008000f30                DMA1_Channel2_IRQHandler
                0x0000000008000f30                CAN1_SCE_IRQHandler
                0x0000000008000f30                FLASH_IRQHandler
                0x0000000008000f30                USART1_IRQHandler
                0x0000000008000f30                I2C1_ER_IRQHandler
                0x0000000008000f30                USBWakeUp_IRQHandler
 *fill*         0x0000000008000f32        0x2 
 .text.HAL_Init
                0x0000000008000f34       0x2c ./Drivers/STM32F1xx_HAL_Driver/Src/stm32f1xx_hal.o
                0x0000000008000f34                HAL_Init
 .text.HAL_InitTick
                0x0000000008000f60       0x60 ./Drivers/STM32F1xx_HAL_Driver/Src/stm32f1xx_hal.o
                0x0000000008000f60                HAL_InitTick
 .text.HAL_IncTick
                0x0000000008000fc0       0x24 ./Drivers/STM32F1xx_HAL_Driver/Src/stm32f1xx_hal.o
                0x0000000008000fc0                HAL_IncTick
 .text.HAL_GetTick
                0x0000000008000fe4       0x14 ./Drivers/STM32F1xx_HAL_Driver/Src/stm32f1xx_hal.o
                0x0000000008000fe4                HAL_GetTick
 .text.HAL_ADC_Init
                0x0000000008000ff8      0x1b0 ./Drivers/STM32F1xx_HAL_Driver/Src/stm32f1xx_hal_adc.o
                0x0000000008000ff8                HAL_ADC_Init
 .text.HAL_ADC_Start_DMA
                0x00000000080011a8      0x1bc ./Drivers/STM32F1xx_HAL_Driver/Src/stm32f1xx_hal_adc.o
                0x00000000080011a8                HAL_ADC_Start_DMA
 .text.HAL_ADC_Stop_DMA
                0x0000000008001364       0x96 ./Drivers/STM32F1xx_HAL_Driver/Src/stm32f1xx_hal_adc.o
                0x0000000008001364                HAL_ADC_Stop_DMA
 .text.HAL_ADC_IRQHandler
                0x00000000080013fa      0x186 ./Drivers/STM32F1xx_HAL_Driver/Src/stm32f1xx_hal_adc.o
                0x00000000080013fa                HAL_ADC_IRQHandler
 .text.HAL_ADC_ConvHalfCpltCallback
                0x0000000008001580       0x12 ./Drivers/STM32F1xx_HAL_Driver/Src/stm32f1xx_hal_adc.o
                0x0000000008001580                HAL_ADC_ConvHalfCpltCallback
 .text.HAL_ADC_LevelOutOfWindowCallback
                0x0000000008001592       0x12 ./Drivers/STM32F1xx_HAL_Driver/Src/stm32f1xx_hal_adc.o
                0x0000000008001592                HAL_ADC_LevelOutOfWindowCallback
 .text.HAL_ADC_ErrorCallback
                0x00000000080015a4       0x12 ./Drivers/STM32F1xx_HAL_Driver/Src/stm32f1xx_hal_adc.o
                0x00000000080015a4                HAL_ADC_ErrorCallback
 *fill*         0x00000000080015b6        0x2 
 .text.HAL_ADC_ConfigChannel
                0x00000000080015b8      0x1f0 ./Drivers/STM32F1xx_HAL_Driver/Src/stm32f1xx_hal_adc.o
                0x00000000080015b8                HAL_ADC_ConfigChannel
 .text.ADC_Enable
                0x00000000080017a8       0xb4 ./Drivers/STM32F1xx_HAL_Driver/Src/stm32f1xx_hal_adc.o
                0x00000000080017a8                ADC_Enable
 .text.ADC_ConversionStop_Disable
                0x000000000800185c       0x82 ./Drivers/STM32F1xx_HAL_Driver/Src/stm32f1xx_hal_adc.o
                0x000000000800185c                ADC_ConversionStop_Disable
 .text.ADC_DMAConvCplt
                0x00000000080018de       0x7c ./Drivers/STM32F1xx_HAL_Driver/Src/stm32f1xx_hal_adc.o
                0x00000000080018de                ADC_DMAConvCplt
 .text.ADC_DMAHalfConvCplt
                0x000000000800195a       0x1c ./Drivers/STM32F1xx_HAL_Driver/Src/stm32f1xx_hal_adc.o
                0x000000000800195a                ADC_DMAHalfConvCplt
 .text.ADC_DMAError
                0x0000000008001976       0x34 ./Drivers/STM32F1xx_HAL_Driver/Src/stm32f1xx_hal_adc.o
                0x0000000008001976                ADC_DMAError
 .text.HAL_ADCEx_InjectedConvCpltCallback
                0x00000000080019aa       0x12 ./Drivers/STM32F1xx_HAL_Driver/Src/stm32f1xx_hal_adc_ex.o
                0x00000000080019aa                HAL_ADCEx_InjectedConvCpltCallback
 .text.__NVIC_SetPriorityGrouping
                0x00000000080019bc       0x48 ./Drivers/STM32F1xx_HAL_Driver/Src/stm32f1xx_hal_cortex.o
 .text.__NVIC_GetPriorityGrouping
                0x0000000008001a04       0x1c ./Drivers/STM32F1xx_HAL_Driver/Src/stm32f1xx_hal_cortex.o
 .text.__NVIC_EnableIRQ
                0x0000000008001a20       0x38 ./Drivers/STM32F1xx_HAL_Driver/Src/stm32f1xx_hal_cortex.o
 .text.__NVIC_SetPriority
                0x0000000008001a58       0x54 ./Drivers/STM32F1xx_HAL_Driver/Src/stm32f1xx_hal_cortex.o
 .text.NVIC_EncodePriority
                0x0000000008001aac       0x64 ./Drivers/STM32F1xx_HAL_Driver/Src/stm32f1xx_hal_cortex.o
 .text.SysTick_Config
                0x0000000008001b10       0x44 ./Drivers/STM32F1xx_HAL_Driver/Src/stm32f1xx_hal_cortex.o
 .text.HAL_NVIC_SetPriorityGrouping
                0x0000000008001b54       0x16 ./Drivers/STM32F1xx_HAL_Driver/Src/stm32f1xx_hal_cortex.o
                0x0000000008001b54                HAL_NVIC_SetPriorityGrouping
 .text.HAL_NVIC_SetPriority
                0x0000000008001b6a       0x38 ./Drivers/STM32F1xx_HAL_Driver/Src/stm32f1xx_hal_cortex.o
                0x0000000008001b6a                HAL_NVIC_SetPriority
 .text.HAL_NVIC_EnableIRQ
                0x0000000008001ba2       0x1c ./Drivers/STM32F1xx_HAL_Driver/Src/stm32f1xx_hal_cortex.o
                0x0000000008001ba2                HAL_NVIC_EnableIRQ
 .text.HAL_SYSTICK_Config
                0x0000000008001bbe       0x18 ./Drivers/STM32F1xx_HAL_Driver/Src/stm32f1xx_hal_cortex.o
                0x0000000008001bbe                HAL_SYSTICK_Config
 *fill*         0x0000000008001bd6        0x2 
 .text.HAL_DMA_Init
                0x0000000008001bd8       0xb4 ./Drivers/STM32F1xx_HAL_Driver/Src/stm32f1xx_hal_dma.o
                0x0000000008001bd8                HAL_DMA_Init
 .text.HAL_DMA_Start_IT
                0x0000000008001c8c       0xbe ./Drivers/STM32F1xx_HAL_Driver/Src/stm32f1xx_hal_dma.o
                0x0000000008001c8c                HAL_DMA_Start_IT
 .text.HAL_DMA_Abort
                0x0000000008001d4a       0x74 ./Drivers/STM32F1xx_HAL_Driver/Src/stm32f1xx_hal_dma.o
                0x0000000008001d4a                HAL_DMA_Abort
 *fill*         0x0000000008001dbe        0x2 
 .text.HAL_DMA_IRQHandler
                0x0000000008001dc0      0x20c ./Drivers/STM32F1xx_HAL_Driver/Src/stm32f1xx_hal_dma.o
                0x0000000008001dc0                HAL_DMA_IRQHandler
 .text.DMA_SetConfig
                0x0000000008001fcc       0x5a ./Drivers/STM32F1xx_HAL_Driver/Src/stm32f1xx_hal_dma.o
 *fill*         0x0000000008002026        0x2 
 .text.HAL_GPIO_Init
                0x0000000008002028      0x308 ./Drivers/STM32F1xx_HAL_Driver/Src/stm32f1xx_hal_gpio.o
                0x0000000008002028                HAL_GPIO_Init
 .text.HAL_RCC_OscConfig
                0x0000000008002330      0x504 ./Drivers/STM32F1xx_HAL_Driver/Src/stm32f1xx_hal_rcc.o
                0x0000000008002330                HAL_RCC_OscConfig
 .text.HAL_RCC_ClockConfig
                0x0000000008002834      0x1d4 ./Drivers/STM32F1xx_HAL_Driver/Src/stm32f1xx_hal_rcc.o
                0x0000000008002834                HAL_RCC_ClockConfig
 .text.HAL_RCC_GetSysClockFreq
                0x0000000008002a08       0xbc ./Drivers/STM32F1xx_HAL_Driver/Src/stm32f1xx_hal_rcc.o
                0x0000000008002a08                HAL_RCC_GetSysClockFreq
 .text.RCC_Delay
                0x0000000008002ac4       0x3c ./Drivers/STM32F1xx_HAL_Driver/Src/stm32f1xx_hal_rcc.o
 .text.HAL_RCCEx_PeriphCLKConfig
                0x0000000008002b00      0x16c ./Drivers/STM32F1xx_HAL_Driver/Src/stm32f1xx_hal_rcc_ex.o
                0x0000000008002b00                HAL_RCCEx_PeriphCLKConfig
 .text.HAL_TIM_Base_Init
                0x0000000008002c6c       0x9e ./Drivers/STM32F1xx_HAL_Driver/Src/stm32f1xx_hal_tim.o
                0x0000000008002c6c                HAL_TIM_Base_Init
 *fill*         0x0000000008002d0a        0x2 
 .text.HAL_TIM_OC_Start
                0x0000000008002d0c      0x144 ./Drivers/STM32F1xx_HAL_Driver/Src/stm32f1xx_hal_tim.o
                0x0000000008002d0c                HAL_TIM_OC_Start
 .text.HAL_TIM_PWM_Init
                0x0000000008002e50       0x9e ./Drivers/STM32F1xx_HAL_Driver/Src/stm32f1xx_hal_tim.o
                0x0000000008002e50                HAL_TIM_PWM_Init
 .text.HAL_TIM_PWM_MspInit
                0x0000000008002eee       0x12 ./Drivers/STM32F1xx_HAL_Driver/Src/stm32f1xx_hal_tim.o
                0x0000000008002eee                HAL_TIM_PWM_MspInit
 .text.HAL_TIM_PWM_ConfigChannel
                0x0000000008002f00      0x17c ./Drivers/STM32F1xx_HAL_Driver/Src/stm32f1xx_hal_tim.o
                0x0000000008002f00                HAL_TIM_PWM_ConfigChannel
 .text.HAL_TIM_ConfigClockSource
                0x000000000800307c      0x188 ./Drivers/STM32F1xx_HAL_Driver/Src/stm32f1xx_hal_tim.o
                0x000000000800307c                HAL_TIM_ConfigClockSource
 .text.TIM_Base_SetConfig
                0x0000000008003204       0xc4 ./Drivers/STM32F1xx_HAL_Driver/Src/stm32f1xx_hal_tim.o
                0x0000000008003204                TIM_Base_SetConfig
 .text.TIM_OC1_SetConfig
                0x00000000080032c8       0xcc ./Drivers/STM32F1xx_HAL_Driver/Src/stm32f1xx_hal_tim.o
 .text.TIM_OC2_SetConfig
                0x0000000008003394       0xd4 ./Drivers/STM32F1xx_HAL_Driver/Src/stm32f1xx_hal_tim.o
                0x0000000008003394                TIM_OC2_SetConfig
 .text.TIM_OC3_SetConfig
                0x0000000008003468       0xd4 ./Drivers/STM32F1xx_HAL_Driver/Src/stm32f1xx_hal_tim.o
 .text.TIM_OC4_SetConfig
                0x000000000800353c       0x9c ./Drivers/STM32F1xx_HAL_Driver/Src/stm32f1xx_hal_tim.o
 .text.TIM_TI1_ConfigInputStage
                0x00000000080035d8       0x5c ./Drivers/STM32F1xx_HAL_Driver/Src/stm32f1xx_hal_tim.o
 .text.TIM_TI2_ConfigInputStage
                0x0000000008003634       0x5e ./Drivers/STM32F1xx_HAL_Driver/Src/stm32f1xx_hal_tim.o
 .text.TIM_ITRx_SetConfig
                0x0000000008003692       0x34 ./Drivers/STM32F1xx_HAL_Driver/Src/stm32f1xx_hal_tim.o
 .text.TIM_ETR_SetConfig
                0x00000000080036c6       0x3e ./Drivers/STM32F1xx_HAL_Driver/Src/stm32f1xx_hal_tim.o
                0x00000000080036c6                TIM_ETR_SetConfig
 .text.TIM_CCxChannelCmd
                0x0000000008003704       0x48 ./Drivers/STM32F1xx_HAL_Driver/Src/stm32f1xx_hal_tim.o
                0x0000000008003704                TIM_CCxChannelCmd
 .text.HAL_TIMEx_MasterConfigSynchronization
                0x000000000800374c       0xbc ./Drivers/STM32F1xx_HAL_Driver/Src/stm32f1xx_hal_tim_ex.o
                0x000000000800374c                HAL_TIMEx_MasterConfigSynchronization
 .text.__libc_init_array
                0x0000000008003808       0x48 c:/st/stm32cubeide_1.9.0/stm32cubeide/plugins/com.st.stm32cube.ide.mcu.externaltools.gnu-tools-for-stm32.10.3-2021.10.win32_1.0.0.202111181127/tools/bin/../lib/gcc/arm-none-eabi/10.3.1/../../../../arm-none-eabi/lib/thumb/v7-m/nofp\libc_nano.a(lib_a-init.o)
                0x0000000008003808                __libc_init_array
 .text.memset   0x0000000008003850       0x10 c:/st/stm32cubeide_1.9.0/stm32cubeide/plugins/com.st.stm32cube.ide.mcu.externaltools.gnu-tools-for-stm32.10.3-2021.10.win32_1.0.0.202111181127/tools/bin/../lib/gcc/arm-none-eabi/10.3.1/../../../../arm-none-eabi/lib/thumb/v7-m/nofp\libc_nano.a(lib_a-memset.o)
                0x0000000008003850                memset
 *(.glue_7)
 .glue_7        0x0000000008003860        0x0 linker stubs
 *(.glue_7t)
 .glue_7t       0x0000000008003860        0x0 linker stubs
 *(.eh_frame)
 .eh_frame      0x0000000008003860        0x0 c:/st/stm32cubeide_1.9.0/stm32cubeide/plugins/com.st.stm32cube.ide.mcu.externaltools.gnu-tools-for-stm32.10.3-2021.10.win32_1.0.0.202111181127/tools/bin/../lib/gcc/arm-none-eabi/10.3.1/thumb/v7-m/nofp/crtbegin.o
 *(.init)
 .init          0x0000000008003860        0x4 c:/st/stm32cubeide_1.9.0/stm32cubeide/plugins/com.st.stm32cube.ide.mcu.externaltools.gnu-tools-for-stm32.10.3-2021.10.win32_1.0.0.202111181127/tools/bin/../lib/gcc/arm-none-eabi/10.3.1/thumb/v7-m/nofp/crti.o
                0x0000000008003860                _init
 .init          0x0000000008003864        0x8 c:/st/stm32cubeide_1.9.0/stm32cubeide/plugins/com.st.stm32cube.ide.mcu.externaltools.gnu-tools-for-stm32.10.3-2021.10.win32_1.0.0.202111181127/tools/bin/../lib/gcc/arm-none-eabi/10.3.1/thumb/v7-m/nofp/crtn.o
 *(.fini)
 .fini          0x000000000800386c        0x4 c:/st/stm32cubeide_1.9.0/stm32cubeide/plugins/com.st.stm32cube.ide.mcu.externaltools.gnu-tools-for-stm32.10.3-2021.10.win32_1.0.0.202111181127/tools/bin/../lib/gcc/arm-none-eabi/10.3.1/thumb/v7-m/nofp/crti.o
                0x000000000800386c                _fini
 .fini          0x0000000008003870        0x8 c:/st/stm32cubeide_1.9.0/stm32cubeide/plugins/com.st.stm32cube.ide.mcu.externaltools.gnu-tools-for-stm32.10.3-2021.10.win32_1.0.0.202111181127/tools/bin/../lib/gcc/arm-none-eabi/10.3.1/thumb/v7-m/nofp/crtn.o
                0x0000000008003878                . = ALIGN (0x4)
                0x0000000008003878                _etext = .

.vfp11_veneer   0x0000000008003878        0x0
 .vfp11_veneer  0x0000000008003878        0x0 linker stubs

.v4_bx          0x0000000008003878        0x0
 .v4_bx         0x0000000008003878        0x0 linker stubs

.iplt           0x0000000008003878        0x0
 .iplt          0x0000000008003878        0x0 c:/st/stm32cubeide_1.9.0/stm32cubeide/plugins/com.st.stm32cube.ide.mcu.externaltools.gnu-tools-for-stm32.10.3-2021.10.win32_1.0.0.202111181127/tools/bin/../lib/gcc/arm-none-eabi/10.3.1/thumb/v7-m/nofp/crtbegin.o

.rodata         0x0000000008003878       0x20
                0x0000000008003878                . = ALIGN (0x4)
 *(.rodata)
 .rodata        0x0000000008003878       0x10 ./Drivers/STM32F1xx_HAL_Driver/Src/stm32f1xx_hal_rcc.o
 *(.rodata*)
 .rodata.AHBPrescTable
                0x0000000008003888       0x10 ./Core/Src/system_stm32f1xx.o
                0x0000000008003888                AHBPrescTable
                0x0000000008003898                . = ALIGN (0x4)

.rel.dyn        0x0000000008003898        0x0
 .rel.iplt      0x0000000008003898        0x0 c:/st/stm32cubeide_1.9.0/stm32cubeide/plugins/com.st.stm32cube.ide.mcu.externaltools.gnu-tools-for-stm32.10.3-2021.10.win32_1.0.0.202111181127/tools/bin/../lib/gcc/arm-none-eabi/10.3.1/thumb/v7-m/nofp/crtbegin.o

.ARM.extab      0x0000000008003898        0x0
                0x0000000008003898                . = ALIGN (0x4)
 *(.ARM.extab* .gnu.linkonce.armextab.*)
                0x0000000008003898                . = ALIGN (0x4)

.ARM            0x0000000008003898        0x0
                0x0000000008003898                . = ALIGN (0x4)
                0x0000000008003898                __exidx_start = .
 *(.ARM.exidx*)
                0x0000000008003898                __exidx_end = .
                0x0000000008003898                . = ALIGN (0x4)

.preinit_array  0x0000000008003898        0x0
                0x0000000008003898                . = ALIGN (0x4)
                0x0000000008003898                PROVIDE (__preinit_array_start = .)
 *(.preinit_array*)
                0x0000000008003898                PROVIDE (__preinit_array_end = .)
                0x0000000008003898                . = ALIGN (0x4)

.init_array     0x0000000008003898        0x4
                0x0000000008003898                . = ALIGN (0x4)
                0x0000000008003898                PROVIDE (__init_array_start = .)
 *(SORT_BY_NAME(.init_array.*))
 *(.init_array*)
 .init_array    0x0000000008003898        0x4 c:/st/stm32cubeide_1.9.0/stm32cubeide/plugins/com.st.stm32cube.ide.mcu.externaltools.gnu-tools-for-stm32.10.3-2021.10.win32_1.0.0.202111181127/tools/bin/../lib/gcc/arm-none-eabi/10.3.1/thumb/v7-m/nofp/crtbegin.o
                0x000000000800389c                PROVIDE (__init_array_end = .)
                0x000000000800389c                . = ALIGN (0x4)

.fini_array     0x000000000800389c        0x4
                0x000000000800389c                . = ALIGN (0x4)
                [!provide]                        PROVIDE (__fini_array_start = .)
 *(SORT_BY_NAME(.fini_array.*))
 *(.fini_array*)
 .fini_array    0x000000000800389c        0x4 c:/st/stm32cubeide_1.9.0/stm32cubeide/plugins/com.st.stm32cube.ide.mcu.externaltools.gnu-tools-for-stm32.10.3-2021.10.win32_1.0.0.202111181127/tools/bin/../lib/gcc/arm-none-eabi/10.3.1/thumb/v7-m/nofp/crtbegin.o
                [!provide]                        PROVIDE (__fini_array_end = .)
                0x00000000080038a0                . = ALIGN (0x4)
                0x00000000080038a0                _sidata = LOADADDR (.data)

.data           0x0000000020000000      0x80c load address 0x00000000080038a0
                0x0000000020000000                . = ALIGN (0x4)
                0x0000000020000000                _sdata = .
 *(.data)
 *(.data*)
 .data.ADC_Buffer2
                0x0000000020000000      0x800 ./Core/Src/main.o
                0x0000000020000000                ADC_Buffer2
 .data.SystemCoreClock
                0x0000000020000800        0x4 ./Core/Src/system_stm32f1xx.o
                0x0000000020000800                SystemCoreClock
 .data.uwTickPrio
                0x0000000020000804        0x4 ./Drivers/STM32F1xx_HAL_Driver/Src/stm32f1xx_hal.o
                0x0000000020000804                uwTickPrio
 .data.uwTickFreq
                0x0000000020000808        0x1 ./Drivers/STM32F1xx_HAL_Driver/Src/stm32f1xx_hal.o
                0x0000000020000808                uwTickFreq
 *(.RamFunc)
 *(.RamFunc*)
                0x000000002000080c                . = ALIGN (0x4)
 *fill*         0x0000000020000809        0x3 
                0x000000002000080c                _edata = .

.igot.plt       0x000000002000080c        0x0 load address 0x00000000080040ac
 .igot.plt      0x000000002000080c        0x0 c:/st/stm32cubeide_1.9.0/stm32cubeide/plugins/com.st.stm32cube.ide.mcu.externaltools.gnu-tools-for-stm32.10.3-2021.10.win32_1.0.0.202111181127/tools/bin/../lib/gcc/arm-none-eabi/10.3.1/thumb/v7-m/nofp/crtbegin.o
                0x000000002000080c                . = ALIGN (0x4)

.bss            0x000000002000080c      0xd20 load address 0x00000000080040ac
                0x000000002000080c                _sbss = .
                0x000000002000080c                __bss_start__ = _sbss
 *(.bss)
 .bss           0x000000002000080c       0x1c c:/st/stm32cubeide_1.9.0/stm32cubeide/plugins/com.st.stm32cube.ide.mcu.externaltools.gnu-tools-for-stm32.10.3-2021.10.win32_1.0.0.202111181127/tools/bin/../lib/gcc/arm-none-eabi/10.3.1/thumb/v7-m/nofp/crtbegin.o
 *(.bss*)
 .bss.hadc1     0x0000000020000828       0x30 ./Core/Src/main.o
                0x0000000020000828                hadc1
 .bss.hdma_adc1
                0x0000000020000858       0x44 ./Core/Src/main.o
                0x0000000020000858                hdma_adc1
 .bss.htim3     0x000000002000089c       0x48 ./Core/Src/main.o
                0x000000002000089c                htim3
 .bss.datos_listos
                0x00000000200008e4        0x1 ./Core/Src/main.o
                0x00000000200008e4                datos_listos
 *fill*         0x00000000200008e5        0x3 
 .bss.ADC_Buffer
                0x00000000200008e8      0x800 ./Core/Src/main.o
                0x00000000200008e8                ADC_Buffer
 .bss.temp_out_buffer
                0x00000000200010e8      0x400 ./Core/Src/main.o
                0x00000000200010e8                temp_out_buffer
 .bss.zcvec     0x00000000200014e8       0x40 ./Core/Src/main.o
                0x00000000200014e8                zcvec
 .bss.uwTick    0x0000000020001528        0x4 ./Drivers/STM32F1xx_HAL_Driver/Src/stm32f1xx_hal.o
                0x0000000020001528                uwTick
 *(COMMON)
                0x000000002000152c                . = ALIGN (0x4)
                0x000000002000152c                _ebss = .
                0x000000002000152c                __bss_end__ = _ebss

._user_heap_stack
                0x000000002000152c      0x604 load address 0x00000000080040ac
                0x0000000020001530                . = ALIGN (0x8)
 *fill*         0x000000002000152c        0x4 
                [!provide]                        PROVIDE (end = .)
                0x0000000020001530                PROVIDE (_end = .)
                0x0000000020001730                . = (. + _Min_Heap_Size)
 *fill*         0x0000000020001530      0x200 
                0x0000000020001b30                . = (. + _Min_Stack_Size)
 *fill*         0x0000000020001730      0x400 
                0x0000000020001b30                . = ALIGN (0x8)

/DISCARD/
 libc.a(*)
 libm.a(*)
 libgcc.a(*)

.ARM.attributes
                0x0000000000000000       0x29
 *(.ARM.attributes)
 .ARM.attributes
                0x0000000000000000       0x1d c:/st/stm32cubeide_1.9.0/stm32cubeide/plugins/com.st.stm32cube.ide.mcu.externaltools.gnu-tools-for-stm32.10.3-2021.10.win32_1.0.0.202111181127/tools/bin/../lib/gcc/arm-none-eabi/10.3.1/thumb/v7-m/nofp/crti.o
 .ARM.attributes
                0x000000000000001d       0x2d c:/st/stm32cubeide_1.9.0/stm32cubeide/plugins/com.st.stm32cube.ide.mcu.externaltools.gnu-tools-for-stm32.10.3-2021.10.win32_1.0.0.202111181127/tools/bin/../lib/gcc/arm-none-eabi/10.3.1/thumb/v7-m/nofp/crtbegin.o
 .ARM.attributes
                0x000000000000004a       0x2d ./Core/Src/bacf.o
 .ARM.attributes
                0x0000000000000077       0x2d ./Core/Src/fun_dsp.o
 .ARM.attributes
                0x00000000000000a4       0x2d ./Core/Src/functions.o
 .ARM.attributes
                0x00000000000000d1       0x2d ./Core/Src/main.o
 .ARM.attributes
                0x00000000000000fe       0x2d ./Core/Src/stm32f1xx_hal_msp.o
 .ARM.attributes
                0x000000000000012b       0x2d ./Core/Src/stm32f1xx_it.o
 .ARM.attributes
                0x0000000000000158       0x2d ./Core/Src/system_stm32f1xx.o
 .ARM.attributes
                0x0000000000000185       0x21 ./Core/Startup/startup_stm32f103c8tx.o
 .ARM.attributes
                0x00000000000001a6       0x2d ./Drivers/STM32F1xx_HAL_Driver/Src/stm32f1xx_hal.o
 .ARM.attributes
                0x00000000000001d3       0x2d ./Drivers/STM32F1xx_HAL_Driver/Src/stm32f1xx_hal_adc.o
 .ARM.attributes
                0x0000000000000200       0x2d ./Drivers/STM32F1xx_HAL_Driver/Src/stm32f1xx_hal_adc_ex.o
 .ARM.attributes
                0x000000000000022d       0x2d ./Drivers/STM32F1xx_HAL_Driver/Src/stm32f1xx_hal_cortex.o
 .ARM.attributes
                0x000000000000025a       0x2d ./Drivers/STM32F1xx_HAL_Driver/Src/stm32f1xx_hal_dma.o
 .ARM.attributes
                0x0000000000000287       0x2d ./Drivers/STM32F1xx_HAL_Driver/Src/stm32f1xx_hal_gpio.o
 .ARM.attributes
                0x00000000000002b4       0x2d ./Drivers/STM32F1xx_HAL_Driver/Src/stm32f1xx_hal_rcc.o
 .ARM.attributes
                0x00000000000002e1       0x2d ./Drivers/STM32F1xx_HAL_Driver/Src/stm32f1xx_hal_rcc_ex.o
 .ARM.attributes
                0x000000000000030e       0x2d ./Drivers/STM32F1xx_HAL_Driver/Src/stm32f1xx_hal_tim.o
 .ARM.attributes
                0x000000000000033b       0x2d ./Drivers/STM32F1xx_HAL_Driver/Src/stm32f1xx_hal_tim_ex.o
 .ARM.attributes
                0x0000000000000368       0x2d c:/st/stm32cubeide_1.9.0/stm32cubeide/plugins/com.st.stm32cube.ide.mcu.externaltools.gnu-tools-for-stm32.10.3-2021.10.win32_1.0.0.202111181127/tools/bin/../lib/gcc/arm-none-eabi/10.3.1/../../../../arm-none-eabi/lib/thumb/v7-m/nofp\libc_nano.a(lib_a-init.o)
 .ARM.attributes
                0x0000000000000395       0x2d c:/st/stm32cubeide_1.9.0/stm32cubeide/plugins/com.st.stm32cube.ide.mcu.externaltools.gnu-tools-for-stm32.10.3-2021.10.win32_1.0.0.202111181127/tools/bin/../lib/gcc/arm-none-eabi/10.3.1/../../../../arm-none-eabi/lib/thumb/v7-m/nofp\libc_nano.a(lib_a-memset.o)
 .ARM.attributes
                0x00000000000003c2       0x1d c:/st/stm32cubeide_1.9.0/stm32cubeide/plugins/com.st.stm32cube.ide.mcu.externaltools.gnu-tools-for-stm32.10.3-2021.10.win32_1.0.0.202111181127/tools/bin/../lib/gcc/arm-none-eabi/10.3.1/thumb/v7-m/nofp\libgcc.a(_arm_addsubsf3.o)
 .ARM.attributes
                0x00000000000003df       0x1d c:/st/stm32cubeide_1.9.0/stm32cubeide/plugins/com.st.stm32cube.ide.mcu.externaltools.gnu-tools-for-stm32.10.3-2021.10.win32_1.0.0.202111181127/tools/bin/../lib/gcc/arm-none-eabi/10.3.1/thumb/v7-m/nofp\libgcc.a(_arm_muldivsf3.o)
 .ARM.attributes
                0x00000000000003fc       0x1d c:/st/stm32cubeide_1.9.0/stm32cubeide/plugins/com.st.stm32cube.ide.mcu.externaltools.gnu-tools-for-stm32.10.3-2021.10.win32_1.0.0.202111181127/tools/bin/../lib/gcc/arm-none-eabi/10.3.1/thumb/v7-m/nofp\libgcc.a(_arm_fixunssfsi.o)
 .ARM.attributes
                0x0000000000000419       0x1d c:/st/stm32cubeide_1.9.0/stm32cubeide/plugins/com.st.stm32cube.ide.mcu.externaltools.gnu-tools-for-stm32.10.3-2021.10.win32_1.0.0.202111181127/tools/bin/../lib/gcc/arm-none-eabi/10.3.1/thumb/v7-m/nofp/crtn.o
OUTPUT(Matlab_to_C.elf elf32-littlearm)
LOAD linker stubs
LOAD c:/st/stm32cubeide_1.9.0/stm32cubeide/plugins/com.st.stm32cube.ide.mcu.externaltools.gnu-tools-for-stm32.10.3-2021.10.win32_1.0.0.202111181127/tools/bin/../lib/gcc/arm-none-eabi/10.3.1/../../../../arm-none-eabi/lib/thumb/v7-m/nofp\libc.a
LOAD c:/st/stm32cubeide_1.9.0/stm32cubeide/plugins/com.st.stm32cube.ide.mcu.externaltools.gnu-tools-for-stm32.10.3-2021.10.win32_1.0.0.202111181127/tools/bin/../lib/gcc/arm-none-eabi/10.3.1/../../../../arm-none-eabi/lib/thumb/v7-m/nofp\libm.a
LOAD c:/st/stm32cubeide_1.9.0/stm32cubeide/plugins/com.st.stm32cube.ide.mcu.externaltools.gnu-tools-for-stm32.10.3-2021.10.win32_1.0.0.202111181127/tools/bin/../lib/gcc/arm-none-eabi/10.3.1/thumb/v7-m/nofp\libgcc.a

.debug_info     0x0000000000000000     0xb50b
 .debug_info    0x0000000000000000      0x2f4 ./Core/Src/bacf.o
 .debug_info    0x00000000000002f4      0x536 ./Core/Src/fun_dsp.o
 .debug_info    0x000000000000082a      0x13f ./Core/Src/functions.o
 .debug_info    0x0000000000000969     0x1348 ./Core/Src/main.o
 .debug_info    0x0000000000001cb1      0xdc5 ./Core/Src/stm32f1xx_hal_msp.o
 .debug_info    0x0000000000002a76      0x5f5 ./Core/Src/stm32f1xx_it.o
 .debug_info    0x000000000000306b      0x23d ./Core/Src/system_stm32f1xx.o
 .debug_info    0x00000000000032a8       0x22 ./Core/Startup/startup_stm32f103c8tx.o
 .debug_info    0x00000000000032ca      0x734 ./Drivers/STM32F1xx_HAL_Driver/Src/stm32f1xx_hal.o
 .debug_info    0x00000000000039fe      0xcd9 ./Drivers/STM32F1xx_HAL_Driver/Src/stm32f1xx_hal_adc.o
 .debug_info    0x00000000000046d7      0xa8f ./Drivers/STM32F1xx_HAL_Driver/Src/stm32f1xx_hal_adc_ex.o
 .debug_info    0x0000000000005166      0xb20 ./Drivers/STM32F1xx_HAL_Driver/Src/stm32f1xx_hal_cortex.o
 .debug_info    0x0000000000005c86      0x73f ./Drivers/STM32F1xx_HAL_Driver/Src/stm32f1xx_hal_dma.o
 .debug_info    0x00000000000063c5      0x615 ./Drivers/STM32F1xx_HAL_Driver/Src/stm32f1xx_hal_gpio.o
 .debug_info    0x00000000000069da      0x860 ./Drivers/STM32F1xx_HAL_Driver/Src/stm32f1xx_hal_rcc.o
 .debug_info    0x000000000000723a      0x3e0 ./Drivers/STM32F1xx_HAL_Driver/Src/stm32f1xx_hal_rcc_ex.o
 .debug_info    0x000000000000761a     0x29de ./Drivers/STM32F1xx_HAL_Driver/Src/stm32f1xx_hal_tim.o
 .debug_info    0x0000000000009ff8     0x1513 ./Drivers/STM32F1xx_HAL_Driver/Src/stm32f1xx_hal_tim_ex.o

.debug_abbrev   0x0000000000000000     0x202f
 .debug_abbrev  0x0000000000000000       0xb0 ./Core/Src/bacf.o
 .debug_abbrev  0x00000000000000b0      0x175 ./Core/Src/fun_dsp.o
 .debug_abbrev  0x0000000000000225       0x94 ./Core/Src/functions.o
 .debug_abbrev  0x00000000000002b9      0x2ca ./Core/Src/main.o
 .debug_abbrev  0x0000000000000583      0x21e ./Core/Src/stm32f1xx_hal_msp.o
 .debug_abbrev  0x00000000000007a1      0x170 ./Core/Src/stm32f1xx_it.o
 .debug_abbrev  0x0000000000000911      0x13b ./Core/Src/system_stm32f1xx.o
 .debug_abbrev  0x0000000000000a4c       0x12 ./Core/Startup/startup_stm32f103c8tx.o
 .debug_abbrev  0x0000000000000a5e      0x1fb ./Drivers/STM32F1xx_HAL_Driver/Src/stm32f1xx_hal.o
 .debug_abbrev  0x0000000000000c59      0x210 ./Drivers/STM32F1xx_HAL_Driver/Src/stm32f1xx_hal_adc.o
 .debug_abbrev  0x0000000000000e69      0x234 ./Drivers/STM32F1xx_HAL_Driver/Src/stm32f1xx_hal_adc_ex.o
 .debug_abbrev  0x000000000000109d      0x2ed ./Drivers/STM32F1xx_HAL_Driver/Src/stm32f1xx_hal_cortex.o
 .debug_abbrev  0x000000000000138a      0x1fe ./Drivers/STM32F1xx_HAL_Driver/Src/stm32f1xx_hal_dma.o
 .debug_abbrev  0x0000000000001588      0x1bb ./Drivers/STM32F1xx_HAL_Driver/Src/stm32f1xx_hal_gpio.o
 .debug_abbrev  0x0000000000001743      0x2a8 ./Drivers/STM32F1xx_HAL_Driver/Src/stm32f1xx_hal_rcc.o
 .debug_abbrev  0x00000000000019eb      0x182 ./Drivers/STM32F1xx_HAL_Driver/Src/stm32f1xx_hal_rcc_ex.o
 .debug_abbrev  0x0000000000001b6d      0x25d ./Drivers/STM32F1xx_HAL_Driver/Src/stm32f1xx_hal_tim.o
 .debug_abbrev  0x0000000000001dca      0x265 ./Drivers/STM32F1xx_HAL_Driver/Src/stm32f1xx_hal_tim_ex.o

.debug_aranges  0x0000000000000000      0xc18
 .debug_aranges
                0x0000000000000000       0x30 ./Core/Src/bacf.o
 .debug_aranges
                0x0000000000000030       0x50 ./Core/Src/fun_dsp.o
 .debug_aranges
                0x0000000000000080       0x20 ./Core/Src/functions.o
 .debug_aranges
                0x00000000000000a0       0x58 ./Core/Src/main.o
 .debug_aranges
                0x00000000000000f8       0x40 ./Core/Src/stm32f1xx_hal_msp.o
 .debug_aranges
                0x0000000000000138       0x70 ./Core/Src/stm32f1xx_it.o
 .debug_aranges
                0x00000000000001a8       0x28 ./Core/Src/system_stm32f1xx.o
 .debug_aranges
                0x00000000000001d0       0x28 ./Core/Startup/startup_stm32f103c8tx.o
 .debug_aranges
                0x00000000000001f8       0xe0 ./Drivers/STM32F1xx_HAL_Driver/Src/stm32f1xx_hal.o
 .debug_aranges
                0x00000000000002d8       0xf0 ./Drivers/STM32F1xx_HAL_Driver/Src/stm32f1xx_hal_adc.o
 .debug_aranges
                0x00000000000003c8       0x80 ./Drivers/STM32F1xx_HAL_Driver/Src/stm32f1xx_hal_adc_ex.o
 .debug_aranges
                0x0000000000000448      0x100 ./Drivers/STM32F1xx_HAL_Driver/Src/stm32f1xx_hal_cortex.o
 .debug_aranges
                0x0000000000000548       0x80 ./Drivers/STM32F1xx_HAL_Driver/Src/stm32f1xx_hal_dma.o
 .debug_aranges
                0x00000000000005c8       0x58 ./Drivers/STM32F1xx_HAL_Driver/Src/stm32f1xx_hal_gpio.o
 .debug_aranges
                0x0000000000000620       0x90 ./Drivers/STM32F1xx_HAL_Driver/Src/stm32f1xx_hal_rcc.o
 .debug_aranges
                0x00000000000006b0       0x30 ./Drivers/STM32F1xx_HAL_Driver/Src/stm32f1xx_hal_rcc_ex.o
 .debug_aranges
                0x00000000000006e0      0x3d0 ./Drivers/STM32F1xx_HAL_Driver/Src/stm32f1xx_hal_tim.o
 .debug_aranges
                0x0000000000000ab0      0x168 ./Drivers/STM32F1xx_HAL_Driver/Src/stm32f1xx_hal_tim_ex.o

.debug_ranges   0x0000000000000000      0xb00
 .debug_ranges  0x0000000000000000       0x20 ./Core/Src/bacf.o
 .debug_ranges  0x0000000000000020       0x40 ./Core/Src/fun_dsp.o
 .debug_ranges  0x0000000000000060       0x10 ./Core/Src/functions.o
 .debug_ranges  0x0000000000000070       0x48 ./Core/Src/main.o
 .debug_ranges  0x00000000000000b8       0x30 ./Core/Src/stm32f1xx_hal_msp.o
 .debug_ranges  0x00000000000000e8       0x60 ./Core/Src/stm32f1xx_it.o
 .debug_ranges  0x0000000000000148       0x18 ./Core/Src/system_stm32f1xx.o
 .debug_ranges  0x0000000000000160       0x20 ./Core/Startup/startup_stm32f103c8tx.o
 .debug_ranges  0x0000000000000180       0xd0 ./Drivers/STM32F1xx_HAL_Driver/Src/stm32f1xx_hal.o
 .debug_ranges  0x0000000000000250       0xe0 ./Drivers/STM32F1xx_HAL_Driver/Src/stm32f1xx_hal_adc.o
 .debug_ranges  0x0000000000000330       0x70 ./Drivers/STM32F1xx_HAL_Driver/Src/stm32f1xx_hal_adc_ex.o
 .debug_ranges  0x00000000000003a0       0xf0 ./Drivers/STM32F1xx_HAL_Driver/Src/stm32f1xx_hal_cortex.o
 .debug_ranges  0x0000000000000490       0x70 ./Drivers/STM32F1xx_HAL_Driver/Src/stm32f1xx_hal_dma.o
 .debug_ranges  0x0000000000000500       0x48 ./Drivers/STM32F1xx_HAL_Driver/Src/stm32f1xx_hal_gpio.o
 .debug_ranges  0x0000000000000548       0x80 ./Drivers/STM32F1xx_HAL_Driver/Src/stm32f1xx_hal_rcc.o
 .debug_ranges  0x00000000000005c8       0x20 ./Drivers/STM32F1xx_HAL_Driver/Src/stm32f1xx_hal_rcc_ex.o
 .debug_ranges  0x00000000000005e8      0x3c0 ./Drivers/STM32F1xx_HAL_Driver/Src/stm32f1xx_hal_tim.o
 .debug_ranges  0x00000000000009a8      0x158 ./Drivers/STM32F1xx_HAL_Driver/Src/stm32f1xx_hal_tim_ex.o

.debug_macro    0x0000000000000000    0x18428
 .debug_macro   0x0000000000000000      0x1c6 ./Core/Src/bacf.o
 .debug_macro   0x00000000000001c6      0xa6c ./Core/Src/bacf.o
 .debug_macro   0x0000000000000c32      0x221 ./Core/Src/bacf.o
 .debug_macro   0x0000000000000e53       0x2e ./Core/Src/bacf.o
 .debug_macro   0x0000000000000e81       0x22 ./Core/Src/bacf.o
 .debug_macro   0x0000000000000ea3       0x22 ./Core/Src/bacf.o
 .debug_macro   0x0000000000000ec5       0x8e ./Core/Src/bacf.o
 .debug_macro   0x0000000000000f53       0x51 ./Core/Src/bacf.o
 .debug_macro   0x0000000000000fa4      0x103 ./Core/Src/bacf.o
 .debug_macro   0x00000000000010a7       0x6a ./Core/Src/bacf.o
 .debug_macro   0x0000000000001111      0x1df ./Core/Src/bacf.o
 .debug_macro   0x00000000000012f0       0x1c ./Core/Src/bacf.o
 .debug_macro   0x000000000000130c       0x22 ./Core/Src/bacf.o
 .debug_macro   0x000000000000132e       0xbd ./Core/Src/bacf.o
 .debug_macro   0x00000000000013eb      0xd23 ./Core/Src/bacf.o
 .debug_macro   0x000000000000210e     0xe09e ./Core/Src/bacf.o
 .debug_macro   0x00000000000101ac       0x6d ./Core/Src/bacf.o
 .debug_macro   0x0000000000010219     0x3468 ./Core/Src/bacf.o
 .debug_macro   0x0000000000013681      0x174 ./Core/Src/bacf.o
 .debug_macro   0x00000000000137f5       0x5c ./Core/Src/bacf.o
 .debug_macro   0x0000000000013851      0x5be ./Core/Src/bacf.o
 .debug_macro   0x0000000000013e0f      0x289 ./Core/Src/bacf.o
 .debug_macro   0x0000000000014098      0x1cb ./Core/Src/bacf.o
 .debug_macro   0x0000000000014263      0x114 ./Core/Src/bacf.o
 .debug_macro   0x0000000000014377      0x1b2 ./Core/Src/bacf.o
 .debug_macro   0x0000000000014529       0x27 ./Core/Src/bacf.o
 .debug_macro   0x0000000000014550      0x136 ./Core/Src/bacf.o
 .debug_macro   0x0000000000014686      0x1bc ./Core/Src/bacf.o
 .debug_macro   0x0000000000014842       0x34 ./Core/Src/bacf.o
 .debug_macro   0x0000000000014876       0x3c ./Core/Src/bacf.o
 .debug_macro   0x00000000000148b2       0x57 ./Core/Src/bacf.o
 .debug_macro   0x0000000000014909      0x46a ./Core/Src/bacf.o
 .debug_macro   0x0000000000014d73      0x1b5 ./Core/Src/bacf.o
 .debug_macro   0x0000000000014f28       0x88 ./Core/Src/bacf.o
 .debug_macro   0x0000000000014fb0      0x241 ./Core/Src/bacf.o
 .debug_macro   0x00000000000151f1      0x141 ./Core/Src/bacf.o
 .debug_macro   0x0000000000015332      0x8d1 ./Core/Src/bacf.o
 .debug_macro   0x0000000000015c03       0x83 ./Core/Src/bacf.o
 .debug_macro   0x0000000000015c86       0x16 ./Core/Src/bacf.o
 .debug_macro   0x0000000000015c9c      0x299 ./Core/Src/fun_dsp.o
 .debug_macro   0x0000000000015f35       0x18 ./Core/Src/fun_dsp.o
 .debug_macro   0x0000000000015f4d       0x4c ./Core/Src/fun_dsp.o
 .debug_macro   0x0000000000015f99       0x94 ./Core/Src/fun_dsp.o
 .debug_macro   0x000000000001602d       0x3c ./Core/Src/fun_dsp.o
 .debug_macro   0x0000000000016069       0x34 ./Core/Src/fun_dsp.o
 .debug_macro   0x000000000001609d       0x16 ./Core/Src/fun_dsp.o
 .debug_macro   0x00000000000160b3      0x10e ./Core/Src/fun_dsp.o
 .debug_macro   0x00000000000161c1       0x8d ./Core/Src/fun_dsp.o
 .debug_macro   0x000000000001624e       0x16 ./Core/Src/fun_dsp.o
 .debug_macro   0x0000000000016264       0x43 ./Core/Src/fun_dsp.o
 .debug_macro   0x00000000000162a7       0x57 ./Core/Src/fun_dsp.o
 .debug_macro   0x00000000000162fe       0x34 ./Core/Src/fun_dsp.o
 .debug_macro   0x0000000000016332       0x10 ./Core/Src/fun_dsp.o
 .debug_macro   0x0000000000016342       0x58 ./Core/Src/fun_dsp.o
 .debug_macro   0x000000000001639a       0x71 ./Core/Src/fun_dsp.o
 .debug_macro   0x000000000001640b       0x1c ./Core/Src/fun_dsp.o
 .debug_macro   0x0000000000016427      0x12a ./Core/Src/fun_dsp.o
 .debug_macro   0x0000000000016551      0x341 ./Core/Src/fun_dsp.o
 .debug_macro   0x0000000000016892       0x16 ./Core/Src/fun_dsp.o
 .debug_macro   0x00000000000168a8       0x29 ./Core/Src/fun_dsp.o
 .debug_macro   0x00000000000168d1       0x58 ./Core/Src/fun_dsp.o
 .debug_macro   0x0000000000016929       0x56 ./Core/Src/fun_dsp.o
 .debug_macro   0x000000000001697f      0x1c5 ./Core/Src/functions.o
 .debug_macro   0x0000000000016b44       0x16 ./Core/Src/functions.o
 .debug_macro   0x0000000000016b5a      0x1f0 ./Core/Src/main.o
 .debug_macro   0x0000000000016d4a       0x1c ./Core/Src/main.o
 .debug_macro   0x0000000000016d66      0x1bc ./Core/Src/stm32f1xx_hal_msp.o
 .debug_macro   0x0000000000016f22      0x1c6 ./Core/Src/stm32f1xx_it.o
 .debug_macro   0x00000000000170e8      0x1ad ./Core/Src/system_stm32f1xx.o
 .debug_macro   0x0000000000017295      0x1d1 ./Drivers/STM32F1xx_HAL_Driver/Src/stm32f1xx_hal.o
 .debug_macro   0x0000000000017466      0x1ca ./Drivers/STM32F1xx_HAL_Driver/Src/stm32f1xx_hal_adc.o
 .debug_macro   0x0000000000017630      0x1bf ./Drivers/STM32F1xx_HAL_Driver/Src/stm32f1xx_hal_adc_ex.o
 .debug_macro   0x00000000000177ef      0x1ad ./Drivers/STM32F1xx_HAL_Driver/Src/stm32f1xx_hal_cortex.o
 .debug_macro   0x000000000001799c      0x1ad ./Drivers/STM32F1xx_HAL_Driver/Src/stm32f1xx_hal_dma.o
 .debug_macro   0x0000000000017b49      0x218 ./Drivers/STM32F1xx_HAL_Driver/Src/stm32f1xx_hal_gpio.o
 .debug_macro   0x0000000000017d61      0x1bf ./Drivers/STM32F1xx_HAL_Driver/Src/stm32f1xx_hal_rcc.o
 .debug_macro   0x0000000000017f20      0x1ad ./Drivers/STM32F1xx_HAL_Driver/Src/stm32f1xx_hal_rcc_ex.o
 .debug_macro   0x00000000000180cd      0x1ae ./Drivers/STM32F1xx_HAL_Driver/Src/stm32f1xx_hal_tim.o
 .debug_macro   0x000000000001827b      0x1ad ./Drivers/STM32F1xx_HAL_Driver/Src/stm32f1xx_hal_tim_ex.o

.debug_line     0x0000000000000000     0xe1cf
 .debug_line    0x0000000000000000      0x7a5 ./Core/Src/bacf.o
 .debug_line    0x00000000000007a5      0xb40 ./Core/Src/fun_dsp.o
 .debug_line    0x00000000000012e5      0x71e ./Core/Src/functions.o
 .debug_line    0x0000000000001a03      0x85c ./Core/Src/main.o
 .debug_line    0x000000000000225f      0x72c ./Core/Src/stm32f1xx_hal_msp.o
 .debug_line    0x000000000000298b      0x779 ./Core/Src/stm32f1xx_it.o
 .debug_line    0x0000000000003104      0x705 ./Core/Src/system_stm32f1xx.o
 .debug_line    0x0000000000003809       0x87 ./Core/Startup/startup_stm32f103c8tx.o
 .debug_line    0x0000000000003890      0x932 ./Drivers/STM32F1xx_HAL_Driver/Src/stm32f1xx_hal.o
 .debug_line    0x00000000000041c2      0xfa9 ./Drivers/STM32F1xx_HAL_Driver/Src/stm32f1xx_hal_adc.o
 .debug_line    0x000000000000516b      0xcf7 ./Drivers/STM32F1xx_HAL_Driver/Src/stm32f1xx_hal_adc_ex.o
 .debug_line    0x0000000000005e62      0xb1a ./Drivers/STM32F1xx_HAL_Driver/Src/stm32f1xx_hal_cortex.o
 .debug_line    0x000000000000697c      0xd8a ./Drivers/STM32F1xx_HAL_Driver/Src/stm32f1xx_hal_dma.o
 .debug_line    0x0000000000007706      0x9c9 ./Drivers/STM32F1xx_HAL_Driver/Src/stm32f1xx_hal_gpio.o
 .debug_line    0x00000000000080cf      0xd40 ./Drivers/STM32F1xx_HAL_Driver/Src/stm32f1xx_hal_rcc.o
 .debug_line    0x0000000000008e0f      0x87e ./Drivers/STM32F1xx_HAL_Driver/Src/stm32f1xx_hal_rcc_ex.o
 .debug_line    0x000000000000968d     0x32e8 ./Drivers/STM32F1xx_HAL_Driver/Src/stm32f1xx_hal_tim.o
 .debug_line    0x000000000000c975     0x185a ./Drivers/STM32F1xx_HAL_Driver/Src/stm32f1xx_hal_tim_ex.o

.debug_str      0x0000000000000000    0x8c701
 .debug_str     0x0000000000000000    0x85e44 ./Core/Src/bacf.o
                                      0x8617b (size before relaxing)
 .debug_str     0x0000000000085e44     0x318b ./Core/Src/fun_dsp.o
                                      0x89290 (size before relaxing)
 .debug_str     0x0000000000088fcf       0x7d ./Core/Src/functions.o
                                      0x86120 (size before relaxing)
 .debug_str     0x000000000008904c      0xddd ./Core/Src/main.o
                                      0x870a2 (size before relaxing)
 .debug_str     0x0000000000089e29      0x139 ./Core/Src/stm32f1xx_hal_msp.o
                                      0x86b57 (size before relaxing)
 .debug_str     0x0000000000089f62      0x108 ./Core/Src/stm32f1xx_it.o
                                      0x864ab (size before relaxing)
 .debug_str     0x000000000008a06a       0x7e ./Core/Src/system_stm32f1xx.o
                                      0x86111 (size before relaxing)
 .debug_str     0x000000000008a0e8       0x70 ./Core/Startup/startup_stm32f103c8tx.o
 .debug_str     0x000000000008a158      0x389 ./Drivers/STM32F1xx_HAL_Driver/Src/stm32f1xx_hal.o
                                      0x8682f (size before relaxing)
 .debug_str     0x000000000008a4e1      0x34a ./Drivers/STM32F1xx_HAL_Driver/Src/stm32f1xx_hal_adc.o
                                      0x867d9 (size before relaxing)
 .debug_str     0x000000000008a82b      0x2d8 ./Drivers/STM32F1xx_HAL_Driver/Src/stm32f1xx_hal_adc_ex.o
                                      0x867b0 (size before relaxing)
 .debug_str     0x000000000008ab03      0x27a ./Drivers/STM32F1xx_HAL_Driver/Src/stm32f1xx_hal_cortex.o
                                      0x8677b (size before relaxing)
 .debug_str     0x000000000008ad7d      0x1e7 ./Drivers/STM32F1xx_HAL_Driver/Src/stm32f1xx_hal_dma.o
                                      0x864a5 (size before relaxing)
 .debug_str     0x000000000008af64      0x31d ./Drivers/STM32F1xx_HAL_Driver/Src/stm32f1xx_hal_gpio.o
                                      0x86482 (size before relaxing)
 .debug_str     0x000000000008b281      0x229 ./Drivers/STM32F1xx_HAL_Driver/Src/stm32f1xx_hal_rcc.o
                                      0x8652b (size before relaxing)
 .debug_str     0x000000000008b4aa       0x7a ./Drivers/STM32F1xx_HAL_Driver/Src/stm32f1xx_hal_rcc_ex.o
                                      0x8627b (size before relaxing)
 .debug_str     0x000000000008b524      0xd4a ./Drivers/STM32F1xx_HAL_Driver/Src/stm32f1xx_hal_tim.o
                                      0x87516 (size before relaxing)
 .debug_str     0x000000000008c26e      0x493 ./Drivers/STM32F1xx_HAL_Driver/Src/stm32f1xx_hal_tim_ex.o
                                      0x86d32 (size before relaxing)

.comment        0x0000000000000000       0x50
 .comment       0x0000000000000000       0x50 ./Core/Src/bacf.o
                                         0x51 (size before relaxing)
 .comment       0x0000000000000050       0x51 ./Core/Src/fun_dsp.o
 .comment       0x0000000000000050       0x51 ./Core/Src/functions.o
 .comment       0x0000000000000050       0x51 ./Core/Src/main.o
 .comment       0x0000000000000050       0x51 ./Core/Src/stm32f1xx_hal_msp.o
 .comment       0x0000000000000050       0x51 ./Core/Src/stm32f1xx_it.o
 .comment       0x0000000000000050       0x51 ./Core/Src/system_stm32f1xx.o
 .comment       0x0000000000000050       0x51 ./Drivers/STM32F1xx_HAL_Driver/Src/stm32f1xx_hal.o
 .comment       0x0000000000000050       0x51 ./Drivers/STM32F1xx_HAL_Driver/Src/stm32f1xx_hal_adc.o
 .comment       0x0000000000000050       0x51 ./Drivers/STM32F1xx_HAL_Driver/Src/stm32f1xx_hal_adc_ex.o
 .comment       0x0000000000000050       0x51 ./Drivers/STM32F1xx_HAL_Driver/Src/stm32f1xx_hal_cortex.o
 .comment       0x0000000000000050       0x51 ./Drivers/STM32F1xx_HAL_Driver/Src/stm32f1xx_hal_dma.o
 .comment       0x0000000000000050       0x51 ./Drivers/STM32F1xx_HAL_Driver/Src/stm32f1xx_hal_gpio.o
 .comment       0x0000000000000050       0x51 ./Drivers/STM32F1xx_HAL_Driver/Src/stm32f1xx_hal_rcc.o
 .comment       0x0000000000000050       0x51 ./Drivers/STM32F1xx_HAL_Driver/Src/stm32f1xx_hal_rcc_ex.o
 .comment       0x0000000000000050       0x51 ./Drivers/STM32F1xx_HAL_Driver/Src/stm32f1xx_hal_tim.o
 .comment       0x0000000000000050       0x51 ./Drivers/STM32F1xx_HAL_Driver/Src/stm32f1xx_hal_tim_ex.o

.debug_frame    0x0000000000000000     0x31c0
 .debug_frame   0x0000000000000000       0x80 ./Core/Src/bacf.o
 .debug_frame   0x0000000000000080      0x144 ./Core/Src/fun_dsp.o
 .debug_frame   0x00000000000001c4       0x38 ./Core/Src/functions.o
 .debug_frame   0x00000000000001fc      0x120 ./Core/Src/main.o
 .debug_frame   0x000000000000031c       0xd0 ./Core/Src/stm32f1xx_hal_msp.o
 .debug_frame   0x00000000000003ec      0x13c ./Core/Src/stm32f1xx_it.o
 .debug_frame   0x0000000000000528       0x58 ./Core/Src/system_stm32f1xx.o
 .debug_frame   0x0000000000000580      0x334 ./Drivers/STM32F1xx_HAL_Driver/Src/stm32f1xx_hal.o
 .debug_frame   0x00000000000008b4      0x40c ./Drivers/STM32F1xx_HAL_Driver/Src/stm32f1xx_hal_adc.o
 .debug_frame   0x0000000000000cc0      0x200 ./Drivers/STM32F1xx_HAL_Driver/Src/stm32f1xx_hal_adc_ex.o
 .debug_frame   0x0000000000000ec0      0x428 ./Drivers/STM32F1xx_HAL_Driver/Src/stm32f1xx_hal_cortex.o
 .debug_frame   0x00000000000012e8      0x208 ./Drivers/STM32F1xx_HAL_Driver/Src/stm32f1xx_hal_dma.o
 .debug_frame   0x00000000000014f0      0x14c ./Drivers/STM32F1xx_HAL_Driver/Src/stm32f1xx_hal_gpio.o
 .debug_frame   0x000000000000163c      0x21c ./Drivers/STM32F1xx_HAL_Driver/Src/stm32f1xx_hal_rcc.o
 .debug_frame   0x0000000000001858       0x84 ./Drivers/STM32F1xx_HAL_Driver/Src/stm32f1xx_hal_rcc_ex.o
 .debug_frame   0x00000000000018dc     0x11b8 ./Drivers/STM32F1xx_HAL_Driver/Src/stm32f1xx_hal_tim.o
 .debug_frame   0x0000000000002a94      0x638 ./Drivers/STM32F1xx_HAL_Driver/Src/stm32f1xx_hal_tim_ex.o
 .debug_frame   0x00000000000030cc       0x2c c:/st/stm32cubeide_1.9.0/stm32cubeide/plugins/com.st.stm32cube.ide.mcu.externaltools.gnu-tools-for-stm32.10.3-2021.10.win32_1.0.0.202111181127/tools/bin/../lib/gcc/arm-none-eabi/10.3.1/../../../../arm-none-eabi/lib/thumb/v7-m/nofp\libc_nano.a(lib_a-init.o)
 .debug_frame   0x00000000000030f8       0x20 c:/st/stm32cubeide_1.9.0/stm32cubeide/plugins/com.st.stm32cube.ide.mcu.externaltools.gnu-tools-for-stm32.10.3-2021.10.win32_1.0.0.202111181127/tools/bin/../lib/gcc/arm-none-eabi/10.3.1/../../../../arm-none-eabi/lib/thumb/v7-m/nofp\libc_nano.a(lib_a-memset.o)
 .debug_frame   0x0000000000003118       0x4c c:/st/stm32cubeide_1.9.0/stm32cubeide/plugins/com.st.stm32cube.ide.mcu.externaltools.gnu-tools-for-stm32.10.3-2021.10.win32_1.0.0.202111181127/tools/bin/../lib/gcc/arm-none-eabi/10.3.1/thumb/v7-m/nofp\libgcc.a(_arm_addsubsf3.o)
 .debug_frame   0x0000000000003164       0x38 c:/st/stm32cubeide_1.9.0/stm32cubeide/plugins/com.st.stm32cube.ide.mcu.externaltools.gnu-tools-for-stm32.10.3-2021.10.win32_1.0.0.202111181127/tools/bin/../lib/gcc/arm-none-eabi/10.3.1/thumb/v7-m/nofp\libgcc.a(_arm_muldivsf3.o)
 .debug_frame   0x000000000000319c       0x24 c:/st/stm32cubeide_1.9.0/stm32cubeide/plugins/com.st.stm32cube.ide.mcu.externaltools.gnu-tools-for-stm32.10.3-2021.10.win32_1.0.0.202111181127/tools/bin/../lib/gcc/arm-none-eabi/10.3.1/thumb/v7-m/nofp\libgcc.a(_arm_fixunssfsi.o)
